--- Testing Singularity Softener Utility ---
[TEST] Applying Singularity Softener repairs...

[REPAIRS LOGGED]:
- Added missing symbols to registration: M
- Injected EPSILON = 1e-9 for singularity softening.
- Softened radial denominator using pattern '/\s*\((r\s*-\s*[^)]+)\)'.
- Softened radial denominator using pattern '/\s*r\b'.
- Injected horizon guard into execution loop.
FAILURE: Denominator (r-rs) not softened.
FAILURE: Denominator r not softened.

FAILURE: One or more softenings failed.

--- REPAIRED CODE START ---

# 1. SYMBOLIC SETUP
t, r = sp.symbols('t r M')
SymbolGuard.verify_symbols(locals(), required=['t', 'r'])

# 2. CONSTANT INJECTION
# Singularity Softener: Epsilon injection
EPSILON = 1e-9
 (REQUIRED CONSTANTS FROM ENVIRONMENT)
constants = {
    'M': 1.0
}

# 3. THE IMMUTABLE LAW (Explicit RHS)
# Division by r and (r - 2*M)
rs = 2 * constants['M']
acceleration = 1 /((r - rs) + EPSILON)
potential = -constants['M'] /(r + EPSILON)

# 4. HIGH-FIDELITY EXECUTION LOOP
for i in range(100):
    if y_vals[-1] < 0.01: break # Singularity Softener: Horizon Guard
    # Logic using y_vals
    y_vals.append(y_vals[-1] + 0.1)

--- REPAIRED CODE END ---
